{
  "a": {
    "b": [
      {
        "cz": [
          "e",
          "d"
        ]
      },
      {
        "cc": [
          "e",
          "d"
        ]
      }
    ]
  }
}
