[
  [{"cz": ["e", "d"]}, {"cc": ["e", "d"]}],
  ["e", "d"],
  ["e", "d"]
]
