{
  "a": {
    "b": [
      {
        "cc": [
          "d",
          "e"
        ]
      },
      {
        "cz": [
          "d",
          "e"
        ]
      }
    ]
  }
}
