[
  {"b": [{"cz": ["e", "d"]}, {"cc": ["d", "e"]}]},
  [{"cz": ["e", "d"]}, {"cc": ["d", "e"]}],
  {"cz": ["e", "d"]},
  {"cc": ["d", "e"]},
  ["e", "d"],
  "e",
  "d",
  ["d", "e"],
  "d",
  "e"
]
